<html>
<body>
<pre>
<h1>礦ision Build Log</h1>
<h2>Tool Versions:</h2>
IDE-Version: μVision V5.28.0.0
Copyright (C) 2019 ARM Ltd and ARM Germany GmbH. All rights reserved.
License Information: 1 1, 1, LIC=SDA0P-MUMT6-IIJ5V-PIR83-D5AIQ-AAT07
 
Tool Versions:
Toolchain:       MDK-ARM Plus  Version: 5.28.0.0
Toolchain Path:  D:\MKD528\CORE\ARM\ARMCC\Bin
C Compiler:      Armcc.exe V5.06 update 6 (build 750)
Assembler:       Armasm.exe V5.06 update 6 (build 750)
Linker/Locator:  ArmLink.exe V5.06 update 6 (build 750)
Library Manager: ArmAr.exe V5.06 update 6 (build 750)
Hex Converter:   FromElf.exe V5.06 update 6 (build 750)
CPU DLL:         SARMCM3.DLL V5.28.0.0
Dialog DLL:      DARMSTM.DLL V1.68.0.0
Target DLL:      UL2CM3.DLL V1.162.16.0
Dialog DLL:      TARMSTM.DLL V1.66.0.0
 
<h2>Project:</h2>
f:\StudySTM\8--STM32相关资料\STM32最新固件库v3.5\STM32最新固件库v3.5\Project\STM32F10x_StdPeriph_Examples\FLASH\Dual_Boot\MDK-ARM\Project.uvproj
Project File Date:  11/20/2024

<h2>Output:</h2>
*** Using Compiler 'V5.06 update 6 (build 750)', folder: 'D:\MKD528\CORE\ARM\ARMCC\Bin'
Build target 'STM32F10X_XL_BANK1'
compiling stm32f10x_gpio.c...
compiling stm32f10x_rcc.c...
compiling stm32f10x_exti.c...
compiling main.c...
compiling stm32f10x_usart.c...
compiling misc.c...
compiling stm32f10x_dma.c...
compiling stm32f10x_it.c...
compiling stm32f10x_spi.c...
compiling stm32f10x_sdio.c...
compiling stm32f10x_fsmc.c...
assembling startup_stm32f10x_xl.s...
compiling stm32f10x_i2c.c...
compiling stm32f10x_flash.c...
compiling system_stm32f10x.c...
compiling stm32_eval.c...
compiling stm3210e_eval_lcd.c...
linking...
Program Size: Code=5020 RO-data=7368 RW-data=120 ZI-data=1048  
".\STM32F10X_XL\STM32F10X_XL_BANK1.axf" - 0 Error(s), 0 Warning(s).
Build Time Elapsed:  00:00:02
</pre>
</body>
</html>
